// Jest Snapshot v1, https://goo.gl/fbAQLP

exports[`Sets the transform property on the jest config Does not use the babel transform 1`] = `undefined`;

exports[`Sets the transform property on the jest config Uses the babel transform 1`] = `
Object {
  ^.+/.(js|jsx)$: <PROJECT_ROOT>/src/config/babel-transform,
}
`;
