// Jest Snapshot v1, https://goo.gl/fbAQLP

exports[`flow --no-color will disable colored output 1`] = `"flow check --ignore=<PROJECT_ROOT>/node_modules/.*,<PROJECT_ROOT>/dist/.* --include= --lib= --no-color"`;

exports[`flow calls flow CLI with default args 1`] = `"flow check --color=always --ignore=<PROJECT_ROOT>/node_modules/.*,<PROJECT_ROOT>/dist/.* --include= --lib="`;

exports[`flow does not use built-in config with .flowconfig file 1`] = `"flow check --color=always"`;
