// Jest Snapshot v1, https://goo.gl/fbAQLP

exports[`format does not use built-in ignore with .eslintignore file 1`] = `"eslint --config ./src/config/eslintrc.js --cache ."`;

exports[`format does not use built-in ignore with --ignore-path 1`] = `"eslint --config ./src/config/eslintrc.js --cache --ignore-path ./my-ignore ."`;
