// Jest Snapshot v1, https://goo.gl/fbAQLP

exports[`format --entry will pass the entry folder 1`] = `"concurrently --names webpack \\"cross-env BUILD_WEBPACK=true BUILD_ENTRY=src webpack --config ./src/config/webpack.config.js\\""`;

exports[`format --env will pass the environment 1`] = `"concurrently --names webpack \\"cross-env BUILD_WEBPACK=true --env production webpack --config ./src/config/webpack.config.js\\""`;

exports[`format --no-clean will not clean the dist directory 1`] = `"concurrently --names webpack \\"cross-env BUILD_WEBPACK=true webpack --config ./src/config/webpack.config.js\\""`;

exports[`format --output-path will pass the output path folder 1`] = `"concurrently --names webpack \\"cross-env BUILD_WEBPACK=true BUILD_OUTPUT_PATH=./.tmp/build webpack --config ./src/config/webpack.config.js\\""`;

exports[`format calls webpack CLI with default args 1`] = `"concurrently --names webpack \\"cross-env BUILD_WEBPACK=true webpack --config ./src/config/webpack.config.js\\""`;

exports[`format does not use built-in config with --config 1`] = `"concurrently --names webpack \\"cross-env BUILD_WEBPACK=true webpack\\""`;

exports[`format does not use built-in config with webpack.config.js file 1`] = `"concurrently --names webpack \\"cross-env BUILD_WEBPACK=true webpack\\""`;

exports[`format watches with --watch 1`] = `"concurrently --names webpack \\"cross-env BUILD_WEBPACK=true webpack --config ./src/config/webpack.config.js --watch\\""`;
